[INFO] [launch]: All log files can be found below /home/adityachavali/.ros/log/2026-10-04-12-12-27-838742-adityachavali-261340
[INFO] [launch]: Default logging verbosity is set to INFO
[INFO] [robot_state_publisher-1]: process started with pid [261343]
[INFO] [spawner-2]: process started with pid [261345]
[INFO] [spawner-3]: process started with pid [261347]
[INFO] [create-4]: process started with pid [261349]
[INFO] [ign gazebo-5]: process started with pid [261351]
[INFO] [parameter_bridge-6]: process started with pid [261353]
[robot_state_publisher-1] [INFO] [1791096148.484895802] [robot_state_publisher]: got segment base
[robot_state_publisher-1] [INFO] [1791096148.484963600] [robot_state_publisher]: got segment base_link
[robot_state_publisher-1] [INFO] [1791096148.484971170] [robot_state_publisher]: got segment base_link_inertia
[robot_state_publisher-1] [INFO] [1791096148.484975604] [robot_state_publisher]: got segment flange
[robot_state_publisher-1] [INFO] [1791096148.484979864] [robot_state_publisher]: got segment forearm_link
[robot_state_publisher-1] [INFO] [1791096148.484983835] [robot_state_publisher]: got segment ft_frame
[robot_state_publisher-1] [INFO] [1791096148.484987668] [robot_state_publisher]: got segment ground_plane
[robot_state_publisher-1] [INFO] [1791096148.484991677] [robot_state_publisher]: got segment shoulder_link
[robot_state_publisher-1] [INFO] [1791096148.484996244] [robot_state_publisher]: got segment tool0
[robot_state_publisher-1] [INFO] [1791096148.485000264] [robot_state_publisher]: got segment upper_arm_link
[robot_state_publisher-1] [INFO] [1791096148.485004184] [robot_state_publisher]: got segment world
[robot_state_publisher-1] [INFO] [1791096148.485008003] [robot_state_publisher]: got segment wrist_1_link
[robot_state_publisher-1] [INFO] [1791096148.485011819] [robot_state_publisher]: got segment wrist_2_link
[robot_state_publisher-1] [INFO] [1791096148.485015560] [robot_state_publisher]: got segment wrist_3_link
[create-4] [INFO] [1791096148.526911694] [ros_gz_sim]: Requesting list of world names.
[parameter_bridge-6] [INFO] [1791096148.534849784] [ros_gz_bridge]: Creating GZ->ROS Bridge: [/clock (ignition.msgs.Clock) -> /clock (rosgraph_msgs/msg/Clock)] (Lazy 0)
[spawner-2] [INFO] [1791096148.742120917] [spawner_joint_state_broadcaster]: waiting for service /controller_manager/list_controllers to become available...
[spawner-3] [INFO] [1791096148.768955777] [spawner_joint_trajectory_controller]: waiting for service /controller_manager/list_controllers to become available...
[create-4] [INFO] [1791096148.908922893] [ros_gz_sim]: Requested creation of entity.
[create-4] [INFO] [1791096148.909032316] [ros_gz_sim]: OK creation of entity.
[INFO] [create-4]: process has finished cleanly [pid 261349]
[ign gazebo-5] [1;32m[Msg] [0m[1;32mIgnition Gazebo Server v[0m[1;32m6.18.0[0m[1;32m[0m
[ign gazebo-5] [1;32m[Msg] [0m[1;32mLoading SDF world file[[0m[1;32m/usr/share/ignition/ignition-gazebo6/worlds/empty.sdf[0m[1;32m].[0m
[ign gazebo-5] [1;32m[Msg] [0m[1;32mServing entity system service on [[0m[1;32m/[0m[1;32mentity/system/add[0m[1;32m][0m[1;32m[0m
[ign gazebo-5] [1;36m[Dbg] [Physics.cc:804] [0m[1;36mLoaded [[0m[1;36mignition::physics::dartsim::Plugin[0m[1;36m] from library [[0m[1;36m/usr/lib/x86_64-linux-gnu/ign-physics-5/engine-plugins/libignition-physics-dartsim-plugin.so[0m[1;36m][0m[1;36m[0m
[ign gazebo-5] [1;36m[Dbg] [SystemManager.cc:73] [0m[1;36mLoaded system [[0m[1;36mgz::sim::systems::Physics[0m[1;36m] for entity [[0m[1;36m1[0m[1;36m][0m[1;36m[0m
[ign gazebo-5] [1;32m[Msg] [0m[1;32mCreate service on [[0m[1;32m/world/empty/create[0m[1;32m][0m[1;32m[0m
[ign gazebo-5] [1;32m[Msg] [0m[1;32mRemove service on [[0m[1;32m/world/empty/remove[0m[1;32m][0m[1;32m[0m
[ign gazebo-5] [1;32m[Msg] [0m[1;32mPose service on [[0m[1;32m/world/empty/set_pose[0m[1;32m][0m[1;32m[0m
[ign gazebo-5] [1;32m[Msg] [0m[1;32mPose service on [[0m[1;32m/world/empty/set_pose_vector[0m[1;32m][0m[1;32m[0m
[ign gazebo-5] [1;32m[Msg] [0m[1;32mLight configuration service on [[0m[1;32m/world/empty/light_config[0m[1;32m][0m[1;32m[0m
[ign gazebo-5] [1;32m[Msg] [0m[1;32mPhysics service on [[0m[1;32m/world/empty/set_physics[0m[1;32m][0m[1;32m[0m
[ign gazebo-5] [1;32m[Msg] [0m[1;32mSphericalCoordinates service on [[0m[1;32m/world/empty/set_spherical_coordinates[0m[1;32m][0m[1;32m[0m
[ign gazebo-5] [1;32m[Msg] [0m[1;32mEnable collision service on [[0m[1;32m/world/empty/enable_collision[0m[1;32m][0m[1;32m[0m
[ign gazebo-5] [1;32m[Msg] [0m[1;32mDisable collision service on [[0m[1;32m/world/empty/disable_collision[0m[1;32m][0m[1;32m[0m
[ign gazebo-5] [1;32m[Msg] [0m[1;32mMaterial service on [[0m[1;32m/world/empty/visual_config[0m[1;32m][0m[1;32m[0m
[ign gazebo-5] [1;32m[Msg] [0m[1;32mMaterial service on [[0m[1;32m/world/empty/wheel_slip[0m[1;32m][0m[1;32m[0m
[ign gazebo-5] [1;36m[Dbg] [SystemManager.cc:73] [0m[1;36mLoaded system [[0m[1;36mgz::sim::systems::UserCommands[0m[1;36m] for entity [[0m[1;36m1[0m[1;36m][0m[1;36m[0m
[ign gazebo-5] [1;36m[Dbg] [SystemManager.cc:73] [0m[1;36mLoaded system [[0m[1;36mgz::sim::systems::SceneBroadcaster[0m[1;36m] for entity [[0m[1;36m1[0m[1;36m][0m[1;36m[0m
[ign gazebo-5] [1;36m[Dbg] [SystemManager.cc:73] [0m[1;36mLoaded system [[0m[1;36mgz::sim::systems::Contact[0m[1;36m] for entity [[0m[1;36m1[0m[1;36m][0m[1;36m[0m
[ign gazebo-5] [1;32m[Msg] [0m[1;32mLoaded level [[0m[1;32m3[0m[1;32m][0m[1;32m[0m
[ign gazebo-5] [1;32m[Msg] [0m[1;32mServing world controls on [[0m[1;32m/world/empty[0m[1;32m/control], [[0m[1;32m/world/empty[0m[1;32m/control/state] and [[0m[1;32m/world/empty[0m[1;32m/playback/control][0m[1;32m[0m
[ign gazebo-5] [1;32m[Msg] [0m[1;32mServing GUI information on [[0m[1;32m/world/empty[0m[1;32m/[0m[1;32mgui/info[0m[1;32m][0m[1;32m[0m
[ign gazebo-5] [1;32m[Msg] [0m[1;32mWorld [[0m[1;32mempty[0m[1;32m] initialized with [[0m[1;32m1ms[0m[1;32m] physics profile.[0m[1;32m[0m
[ign gazebo-5] [1;32m[Msg] [0m[1;32mServing world SDF generation service on [[0m[1;32m/world/empty[0m[1;32m/[0m[1;32mgenerate_world_sdf[0m[1;32m][0m[1;32m[0m
[ign gazebo-5] [1;32m[Msg] [0m[1;32mServing world names on [[0m[1;32m/gazebo/worlds[0m[1;32m][0m[1;32m[0m
[ign gazebo-5] [1;32m[Msg] [0m[1;32mResource path add service on [[0m[1;32m/gazebo/resource_paths/add[0m[1;32m].[0m[1;32m[0m
[ign gazebo-5] [1;32m[Msg] [0m[1;32mResource path get service on [[0m[1;32m/gazebo/resource_paths/get[0m[1;32m].[0m[1;32m[0m
[ign gazebo-5] [1;32m[Msg] [0m[1;32mResource path resolve service on [[0m[1;32m/gazebo/resource_paths/resolve[0m[1;32m].[0m[1;32m[0m
[ign gazebo-5] [1;32m[Msg] [0m[1;32mResource paths published on [[0m[1;32m/gazebo/resource_paths[0m[1;32m].[0m[1;32m[0m
[ign gazebo-5] [1;32m[Msg] [0m[1;32mServer control service on [[0m[1;32m/server_control[0m[1;32m].[0m[1;32m[0m
[ign gazebo-5] [1;32m[Msg] [0m[1;32mFound no publishers on /stats, adding root stats topic[0m[1;32m[0m
[ign gazebo-5] [1;32m[Msg] [0m[1;32mFound no publishers on /clock, adding root clock topic[0m[1;32m[0m
[ign gazebo-5] [INFO] [1791096150.745284548] [GazeboSimROS2ControlPlugin]: robot_param_node is robot_state_publisher
[ign gazebo-5] [INFO] [1791096150.745325253] [GazeboSimROS2ControlPlugin]: robot_param_node is robot_description
[ign gazebo-5] [INFO] [1791096150.775602461] [gz_ros2_control]: connected to service!! robot_state_publisher asking for robot_description
[ign gazebo-5] [INFO] [1791096150.776963420] [gz_ros2_control]: Received URDF from param server
[ign gazebo-5] [INFO] [1791096150.778779041] [gz_ros2_control]: [gz_ros2_control] Fixed joint ['base_joint'] (Entity='32') is skipped.
[ign gazebo-5] [INFO] [1791096150.782934825] [gz_ros2_control]: The position_proportional_gain has been set to: 0.1
[ign gazebo-5] [INFO] [1791096150.782993921] [gz_ros2_control]: Loading joint: shoulder_pan_joint
[ign gazebo-5] [INFO] [1791096150.783014226] [gz_ros2_control]: 	State:
[ign gazebo-5] [INFO] [1791096150.783029837] [gz_ros2_control]: 		 position
[ign gazebo-5] [INFO] [1791096150.783045311] [gz_ros2_control]: 			 found initial value: 0.000000
[ign gazebo-5] [INFO] [1791096150.783061789] [gz_ros2_control]: 		 velocity
[ign gazebo-5] [INFO] [1791096150.783074756] [gz_ros2_control]: 		 effort
[ign gazebo-5] [INFO] [1791096150.783087581] [gz_ros2_control]: 	Command:
[ign gazebo-5] [INFO] [1791096150.783100630] [gz_ros2_control]: 		 position
[ign gazebo-5] [INFO] [1791096150.783142447] [gz_ros2_control]: 		 velocity
[ign gazebo-5] [INFO] [1791096150.783165662] [gz_ros2_control]: Loading joint: shoulder_lift_joint
[ign gazebo-5] [INFO] [1791096150.783180245] [gz_ros2_control]: 	State:
[ign gazebo-5] [INFO] [1791096150.783192378] [gz_ros2_control]: 		 position
[ign gazebo-5] [INFO] [1791096150.783204688] [gz_ros2_control]: 			 found initial value: -1.570000
[ign gazebo-5] [INFO] [1791096150.783219932] [gz_ros2_control]: 		 velocity
[ign gazebo-5] [INFO] [1791096150.783240059] [gz_ros2_control]: 		 effort
[ign gazebo-5] [INFO] [1791096150.783253487] [gz_ros2_control]: 	Command:
[ign gazebo-5] [INFO] [1791096150.783265552] [gz_ros2_control]: 		 position
[ign gazebo-5] [INFO] [1791096150.783281706] [gz_ros2_control]: 		 velocity
[ign gazebo-5] [INFO] [1791096150.783300697] [gz_ros2_control]: Loading joint: elbow_joint
[ign gazebo-5] [INFO] [1791096150.783314418] [gz_ros2_control]: 	State:
[ign gazebo-5] [INFO] [1791096150.783326358] [gz_ros2_control]: 		 position
[ign gazebo-5] [INFO] [1791096150.783337615] [gz_ros2_control]: 			 found initial value: 0.000000
[ign gazebo-5] [INFO] [1791096150.783350719] [gz_ros2_control]: 		 velocity
[ign gazebo-5] [INFO] [1791096150.783362520] [gz_ros2_control]: 		 effort
[ign gazebo-5] [INFO] [1791096150.783374949] [gz_ros2_control]: 	Command:
[ign gazebo-5] [INFO] [1791096150.783387129] [gz_ros2_control]: 		 position
[ign gazebo-5] [INFO] [1791096150.783402054] [gz_ros2_control]: 		 velocity
[ign gazebo-5] [INFO] [1791096150.783420118] [gz_ros2_control]: Loading joint: wrist_1_joint
[ign gazebo-5] [INFO] [1791096150.783433405] [gz_ros2_control]: 	State:
[ign gazebo-5] [INFO] [1791096150.783445723] [gz_ros2_control]: 		 position
[ign gazebo-5] [INFO] [1791096150.783457252] [gz_ros2_control]: 			 found initial value: -1.570000
[ign gazebo-5] [INFO] [1791096150.783470261] [gz_ros2_control]: 		 velocity
[ign gazebo-5] [INFO] [1791096150.783482360] [gz_ros2_control]: 		 effort
[ign gazebo-5] [INFO] [1791096150.783493617] [gz_ros2_control]: 	Command:
[ign gazebo-5] [INFO] [1791096150.783504668] [gz_ros2_control]: 		 position
[ign gazebo-5] [INFO] [1791096150.783519364] [gz_ros2_control]: 		 velocity
[ign gazebo-5] [INFO] [1791096150.783537437] [gz_ros2_control]: Loading joint: wrist_2_joint
[ign gazebo-5] [INFO] [1791096150.783550534] [gz_ros2_control]: 	State:
[ign gazebo-5] [INFO] [1791096150.783563060] [gz_ros2_control]: 		 position
[ign gazebo-5] [INFO] [1791096150.783573313] [gz_ros2_control]: 			 found initial value: 0.000000
[ign gazebo-5] [INFO] [1791096150.783585498] [gz_ros2_control]: 		 velocity
[ign gazebo-5] [INFO] [1791096150.783596633] [gz_ros2_control]: 		 effort
[ign gazebo-5] [INFO] [1791096150.783607829] [gz_ros2_control]: 	Command:
[ign gazebo-5] [INFO] [1791096150.783618240] [gz_ros2_control]: 		 position
[ign gazebo-5] [INFO] [1791096150.783632566] [gz_ros2_control]: 		 velocity
[ign gazebo-5] [INFO] [1791096150.783649234] [gz_ros2_control]: Loading joint: wrist_3_joint
[ign gazebo-5] [INFO] [1791096150.783661246] [gz_ros2_control]: 	State:
[ign gazebo-5] [INFO] [1791096150.783672174] [gz_ros2_control]: 		 position
[ign gazebo-5] [INFO] [1791096150.783682144] [gz_ros2_control]: 			 found initial value: 0.000000
[ign gazebo-5] [INFO] [1791096150.783694005] [gz_ros2_control]: 		 velocity
[ign gazebo-5] [INFO] [1791096150.783705597] [gz_ros2_control]: 		 effort
[ign gazebo-5] [INFO] [1791096150.783716707] [gz_ros2_control]: 	Command:
[ign gazebo-5] [INFO] [1791096150.783727380] [gz_ros2_control]: 		 position
[ign gazebo-5] [INFO] [1791096150.783740885] [gz_ros2_control]: 		 velocity
[ign gazebo-5] [INFO] [1791096150.783811567] [resource_manager]: Initialize hardware 'ur' 
[ign gazebo-5] [WARN] [1791096150.783837545] [gz_ros2_control]: The ign_ros2_control plugin got renamed to gz_ros2_control.
[ign gazebo-5] Update the <ros2_control> tag and gazebo plugin to
[ign gazebo-5] <hardware>
[ign gazebo-5]   <plugin>gz_ros2_control/GazeboSimSystem</plugin>
[ign gazebo-5] </hardware>
[ign gazebo-5] <gazebo>
[ign gazebo-5]   <plugin filename="gz_ros2_control-system"name="gz_ros2_control::GazeboSimROS2ControlPlugin">
[ign gazebo-5]     ...
[ign gazebo-5]   </plugin>
[ign gazebo-5] </gazebo>
[ign gazebo-5] [INFO] [1791096150.783915161] [resource_manager]: Successful initialization of hardware 'ur'
[ign gazebo-5] [INFO] [1791096150.783969464] [resource_manager]: 'configure' hardware 'ur' 
[ign gazebo-5] [INFO] [1791096150.783976144] [gz_ros2_control]: System Successfully configured!
[ign gazebo-5] [INFO] [1791096150.783993433] [resource_manager]: Successful 'configure' of hardware 'ur'
[ign gazebo-5] [INFO] [1791096150.784004204] [resource_manager]: 'activate' hardware 'ur' 
[ign gazebo-5] [INFO] [1791096150.784014656] [resource_manager]: Successful 'activate' of hardware 'ur'
[ign gazebo-5] [INFO] [1791096150.784023319] [gz_ros2_control]: Loading controller_manager
[ign gazebo-5] [WARN] [1791096150.827052347] [gz_ros2_control]:  Desired controller update period (0.002 s) is slower than the gazebo simulation period (0.001 s).
[ign gazebo-5] [INFO] [1791096150.996633367] [controller_manager]: Loading controller 'joint_state_broadcaster'
[spawner-2] [INFO] [1791096151.004092195] [spawner_joint_state_broadcaster]: [94mLoaded [1mjoint_state_broadcaster[0m
[ign gazebo-5] [INFO] [1791096151.004800902] [controller_manager]: Configuring controller 'joint_state_broadcaster'
[ign gazebo-5] [INFO] [1791096151.004925166] [joint_state_broadcaster]: 'joints' or 'interfaces' parameter is empty. All available state interfaces will be published
[spawner-2] [INFO] [1791096151.013393835] [spawner_joint_state_broadcaster]: [92mConfigured and activated [1mjoint_state_broadcaster[0m
[ign gazebo-5] [INFO] [1791096151.023299859] [controller_manager]: Loading controller 'joint_trajectory_controller'
[ign gazebo-5] [WARN] [1791096151.030712625] [joint_trajectory_controller]: [Deprecated]: "allow_nonzero_velocity_at_trajectory_end" is set to true. The default behavior will change to false.
[spawner-3] [INFO] [1791096151.033733683] [spawner_joint_trajectory_controller]: [94mLoaded [1mjoint_trajectory_controller[0m
[ign gazebo-5] [INFO] [1791096151.044454482] [controller_manager]: Configuring controller 'joint_trajectory_controller'
[ign gazebo-5] [INFO] [1791096151.044754977] [joint_trajectory_controller]: No specific joint names are used for command interfaces. Using 'joints' parameter.
[ign gazebo-5] [INFO] [1791096151.044807816] [joint_trajectory_controller]: Command interfaces are [position] and state interfaces are [position velocity].
[ign gazebo-5] [INFO] [1791096151.044857440] [joint_trajectory_controller]: Using 'splines' interpolation method.
[ign gazebo-5] [INFO] [1791096151.045669084] [joint_trajectory_controller]: Controller state will be published at 100.00 Hz.
[ign gazebo-5] [INFO] [1791096151.047855691] [joint_trajectory_controller]: Action status changes will be monitored at 20.00 Hz.
[spawner-3] [INFO] [1791096151.055435140] [spawner_joint_trajectory_controller]: [92mConfigured and activated [1mjoint_trajectory_controller[0m
[INFO] [spawner-2]: process has finished cleanly [pid 261345]
[INFO] [spawner-3]: process has finished cleanly [pid 261347]
[ign gazebo-5] [1;36m[Dbg] [SimulationRunner.cc:501] [0m[1;36mCreating PostUpdate worker threads: [0m[1;36m3[0m[1;36m[0m
[ign gazebo-5] [1;36m[Dbg] [SimulationRunner.cc:512] [0m[1;36mCreating postupdate worker thread ([0m[1;36m0[0m[1;36m)[0m[1;36m[0m
[ign gazebo-5] [1;36m[Dbg] [SimulationRunner.cc:512] [0m[1;36mCreating postupdate worker thread ([0m[1;36m1[0m[1;36m)[0m[1;36m[0m
[ign gazebo-5] [1;36m[Dbg] [SystemManager.cc:73] [0m[1;36mLoaded system [[0m[1;36mign_ros2_control::IgnitionROS2ControlPlugin[0m[1;36m] for entity [[0m[1;36m10[0m[1;36m][0m[1;36m[0m
[ign gazebo-5] [1;36m[Dbg] [UserCommands.cc:1303] [0m[1;36mCreated entity [[0m[1;36m10[0m[1;36m] named [[0m[1;36mur[0m[1;36m][0m[1;36m[0m
[ign gazebo-5] [1;32m[Msg] [0m[1;32mServing scene information on [[0m[1;32m/world/empty[0m[1;32m/[0m[1;32mscene/info[0m[1;32m][0m[1;32m[0m
[ign gazebo-5] [1;32m[Msg] [0m[1;32mServing graph information on [[0m[1;32m/world/empty[0m[1;32m/[0m[1;32mscene/graph[0m[1;32m][0m[1;32m[0m
[ign gazebo-5] [1;32m[Msg] [0m[1;32mServing full state on [[0m[1;32m/world/empty[0m[1;32m/[0m[1;32mstate[0m[1;32m][0m[1;32m[0m
[ign gazebo-5] [1;32m[Msg] [0m[1;32mServing full state (async) on [[0m[1;32m/world/empty[0m[1;32m/[0m[1;32mstate_async[0m[1;32m][0m[1;32m[0m
[ign gazebo-5] [1;32m[Msg] [0m[1;32mPublishing scene information on [[0m[1;32m/world/empty/scene/info[0m[1;32m][0m[1;32m[0m
[ign gazebo-5] [1;32m[Msg] [0m[1;32mPublishing entity deletions on [[0m[1;32m/world/empty/scene/deletion[0m[1;32m][0m[1;32m[0m
[ign gazebo-5] [1;32m[Msg] [0m[1;32mPublishing state changes on [[0m[1;32m/world/empty/state[0m[1;32m][0m[1;32m[0m
[ign gazebo-5] [1;32m[Msg] [0m[1;32mPublishing pose messages on [[0m[1;32m/world/empty[0m[1;32m/[0m[1;32mpose/info[0m[1;32m][0m[1;32m[0m
[ign gazebo-5] [1;32m[Msg] [0m[1;32mPublishing dynamic pose messages on [[0m[1;32m/world/empty[0m[1;32m/[0m[1;32mdynamic_pose/info[0m[1;32m][0m[1;32m[0m
[ign gazebo-5] [1;36m[Dbg] [SimulationRunner.cc:528] [0m[1;36mExiting postupdate worker thread ([0m[1;36m0[0m[1;36m)[0m[1;36m[0m
[ign gazebo-5] [1;36m[Dbg] [SimulationRunner.cc:528] [0m[1;36mExiting postupdate worker thread ([0m[1;36m1[0m[1;36m)[0m[1;36m[0m
[ign gazebo-5] [1;36m[Dbg] [SimulationRunner.cc:501] [0m[1;36mCreating PostUpdate worker threads: [0m[1;36m4[0m[1;36m[0m
[ign gazebo-5] [1;36m[Dbg] [SimulationRunner.cc:512] [0m[1;36mCreating postupdate worker thread ([0m[1;36m0[0m[1;36m)[0m[1;36m[0m
[ign gazebo-5] [1;36m[Dbg] [SimulationRunner.cc:512] [0m[1;36mCreating postupdate worker thread ([0m[1;36m1[0m[1;36m)[0m[1;36m[0m
[ign gazebo-5] [1;36m[Dbg] [SimulationRunner.cc:512] [0m[1;36mCreating postupdate worker thread ([0m[1;36m2[0m[1;36m)[0m[1;36m[0m
[ign gazebo-5] [INFO] [1791096200.336772443] [joint_trajectory_controller]: Received new action goal
[ign gazebo-5] [INFO] [1791096200.336858565] [joint_trajectory_controller]: Accepted new action goal
[ign gazebo-5] [INFO] [1791096208.400390654] [joint_trajectory_controller]: Goal reached, success!
[WARNING] [launch]: user interrupted with ctrl-c (SIGINT)
[WARNING] [launch]: user interrupted with ctrl-c (SIGINT) again, ignoring...
[WARNING] [launch]: user interrupted with ctrl-c (SIGINT) again, ignoring...
