Starting >>> b_attach_msgs
Starting >>> linkattacher_msgs
[ 25%] Building CXX object CMakeFiles/b_attach_msgs__rosidl_typesupport_fastrtps_cpp.dir/rosidl_typesupport_fastrtps_cpp/b_attach_msgs/srv/detail/dds_fastrtps/attach_link__type_support.cpp.o
[ 28%] Building CXX object CMakeFiles/b_attach_msgs__rosidl_typesupport_cpp.dir/rosidl_typesupport_cpp/b_attach_msgs/srv/attach_link__type_support.cpp.o
[ 22%] Linking C shared library liblinkattacher_msgs__rosidl_generator_c.so
[ 31%] Linking C shared library libb_attach_msgs__rosidl_generator_c.so
[ 34%] Building CXX object CMakeFiles/b_attach_msgs__rosidl_typesupport_introspection_cpp.dir/rosidl_typesupport_introspection_cpp/b_attach_msgs/srv/detail/attach_link__type_support.cpp.o
[ 32%] Building CXX object CMakeFiles/linkattacher_msgs__rosidl_typesupport_cpp.dir/rosidl_typesupport_cpp/linkattacher_msgs/srv/attach_link__type_support.cpp.o
[ 35%] Building CXX object CMakeFiles/linkattacher_msgs__rosidl_typesupport_cpp.dir/rosidl_typesupport_cpp/linkattacher_msgs/srv/detach_link__type_support.cpp.o
[ 37%] Building CXX object CMakeFiles/linkattacher_msgs__rosidl_typesupport_fastrtps_cpp.dir/rosidl_typesupport_fastrtps_cpp/linkattacher_msgs/srv/detail/dds_fastrtps/attach_link__type_support.cpp.o
[ 40%] Building CXX object CMakeFiles/linkattacher_msgs__rosidl_typesupport_fastrtps_cpp.dir/rosidl_typesupport_fastrtps_cpp/linkattacher_msgs/srv/detail/dds_fastrtps/detach_link__type_support.cpp.o
[ 46%] Linking CXX shared library libb_attach_msgs__rosidl_typesupport_cpp.so
[ 42%] Building CXX object CMakeFiles/linkattacher_msgs__rosidl_typesupport_introspection_cpp.dir/rosidl_typesupport_introspection_cpp/linkattacher_msgs/srv/detail/attach_link__type_support.cpp.o
[ 45%] Building CXX object CMakeFiles/linkattacher_msgs__rosidl_typesupport_introspection_cpp.dir/rosidl_typesupport_introspection_cpp/linkattacher_msgs/srv/detail/detach_link__type_support.cpp.o
[ 50%] Building CXX object CMakeFiles/b_attach_msgs__rosidl_typesupport_c.dir/rosidl_typesupport_c/b_attach_msgs/srv/attach_link__type_support.cpp.o
[ 53%] Linking CXX shared library libb_attach_msgs__rosidl_typesupport_fastrtps_cpp.so
[ 56%] Linking CXX shared library libb_attach_msgs__rosidl_typesupport_c.so
[ 59%] Building CXX object CMakeFiles/b_attach_msgs__rosidl_typesupport_fastrtps_c.dir/rosidl_typesupport_fastrtps_c/b_attach_msgs/srv/detail/attach_link__type_support_c.cpp.o
[ 47%] Building CXX object CMakeFiles/linkattacher_msgs__rosidl_typesupport_c.dir/rosidl_typesupport_c/linkattacher_msgs/srv/attach_link__type_support.cpp.o
[ 50%] Building CXX object CMakeFiles/linkattacher_msgs__rosidl_typesupport_c.dir/rosidl_typesupport_c/linkattacher_msgs/srv/detach_link__type_support.cpp.o
[ 52%] Linking CXX shared library liblinkattacher_msgs__rosidl_typesupport_c.so
[ 65%] Linking C shared library libb_attach_msgs__rosidl_typesupport_introspection_c.so
[ 55%] Linking CXX shared library liblinkattacher_msgs__rosidl_typesupport_cpp.so
[ 62%] Building CXX object CMakeFiles/linkattacher_msgs__rosidl_typesupport_fastrtps_c.dir/rosidl_typesupport_fastrtps_c/linkattacher_msgs/srv/detail/detach_link__type_support_c.cpp.o
[ 65%] Building CXX object CMakeFiles/linkattacher_msgs__rosidl_typesupport_fastrtps_c.dir/rosidl_typesupport_fastrtps_c/linkattacher_msgs/srv/detail/attach_link__type_support_c.cpp.o
[ 68%] Linking CXX shared library libb_attach_msgs__rosidl_typesupport_introspection_cpp.so
[ 67%] Linking C shared library liblinkattacher_msgs__rosidl_typesupport_introspection_c.so
[ 70%] Linking CXX shared library liblinkattacher_msgs__rosidl_typesupport_introspection_cpp.so
[ 72%] Linking CXX shared library liblinkattacher_msgs__rosidl_typesupport_fastrtps_cpp.so
[ 71%] Linking CXX shared library libb_attach_msgs__rosidl_typesupport_fastrtps_c.so
[ 75%] Linking CXX shared library liblinkattacher_msgs__rosidl_typesupport_fastrtps_c.so
[ 81%] Linking C shared library rosidl_generator_py/b_attach_msgs/libb_attach_msgs__rosidl_generator_py.so
[ 93%] Linking C shared library rosidl_generator_py/b_attach_msgs/b_attach_msgs_s__rosidl_typesupport_c.cpython-310-x86_64-linux-gnu.so
[ 96%] Linking C shared library rosidl_generator_py/b_attach_msgs/b_attach_msgs_s__rosidl_typesupport_fastrtps_c.cpython-310-x86_64-linux-gnu.so
[100%] Linking C shared library rosidl_generator_py/b_attach_msgs/b_attach_msgs_s__rosidl_typesupport_introspection_c.cpython-310-x86_64-linux-gnu.so
[ 85%] Linking C shared library rosidl_generator_py/linkattacher_msgs/liblinkattacher_msgs__rosidl_generator_py.so
[ 95%] Linking C shared library rosidl_generator_py/linkattacher_msgs/linkattacher_msgs_s__rosidl_typesupport_c.cpython-310-x86_64-linux-gnu.so
[ 97%] Linking C shared library rosidl_generator_py/linkattacher_msgs/linkattacher_msgs_s__rosidl_typesupport_fastrtps_c.cpython-310-x86_64-linux-gnu.so
[100%] Linking C shared library rosidl_generator_py/linkattacher_msgs/linkattacher_msgs_s__rosidl_typesupport_introspection_c.cpython-310-x86_64-linux-gnu.so
Finished <<< b_attach_msgs [4.98s]
Starting >>> b_attach_plugin
Finished <<< linkattacher_msgs [5.65s]
Starting >>> ros2_linkattacher
[ 50%] Building CXX object CMakeFiles/graspsort_attach.dir/src/attach_plugin.cpp.o
[ 50%] Building CXX object CMakeFiles/gazebo_link_attacher.dir/src/gazebo_link_attacher.cpp.o
[100%] Linking CXX shared library libgraspsort_attach.so
Finished <<< b_attach_plugin [15.9s]
[100%] Linking CXX shared library libgazebo_link_attacher.so
Finished <<< ros2_linkattacher [16.2s]
Summary: 4 packages finished [22.1s]
