saved plastic_cup_p0_y0
saved plastic_cup_p0_y1
saved plastic_cup_p1_y0
saved plastic_cup_p1_y1
saved plastic_cup_p2_y0
saved plastic_cup_p2_y1
saved plastic_cup_p3_y0
saved plastic_cup_p3_y1
saved plastic_cup_p4_y0
saved plastic_cup_p4_y1
saved pitcher_base_p0_y0
saved pitcher_base_p0_y1
saved pitcher_base_p1_y0
saved pitcher_base_p1_y1
saved pitcher_base_p2_y0
saved pitcher_base_p2_y1
saved pitcher_base_p3_y0
saved pitcher_base_p3_y1
saved pitcher_base_p4_y0
saved pitcher_base_p4_y1
saved mustard_bottle_p0_y0
saved mustard_bottle_p0_y1
saved mustard_bottle_p1_y0
saved mustard_bottle_p1_y1
saved mustard_bottle_p2_y0
saved mustard_bottle_p2_y1
saved mustard_bottle_p3_y0
saved mustard_bottle_p3_y1
saved mustard_bottle_p4_y0
saved mustard_bottle_p4_y1
saved beer_p0_y0
saved beer_p0_y1
saved beer_p1_y0
saved beer_p1_y1
saved beer_p2_y0
saved beer_p2_y1
saved beer_p3_y0
saved beer_p3_y1
saved beer_p4_y0
saved beer_p4_y1
saved coke_can_p0_y0
saved coke_can_p0_y1
saved coke_can_p1_y0
saved coke_can_p1_y1
saved coke_can_p2_y0
saved coke_can_p2_y1
saved coke_can_p3_y0
saved coke_can_p3_y1
saved coke_can_p4_y0
saved coke_can_p4_y1
saved master_chef_can_p0_y0
saved master_chef_can_p0_y1
saved master_chef_can_p1_y0
saved master_chef_can_p1_y1
saved master_chef_can_p2_y0
saved master_chef_can_p2_y1
saved master_chef_can_p3_y0
saved master_chef_can_p3_y1
saved master_chef_can_p4_y0
saved master_chef_can_p4_y1
saved potted_meat_can_p0_y0
saved potted_meat_can_p0_y1
saved potted_meat_can_p1_y0
saved potted_meat_can_p1_y1
saved potted_meat_can_p2_y0
saved potted_meat_can_p2_y1
saved potted_meat_can_p3_y0
saved potted_meat_can_p3_y1
saved potted_meat_can_p4_y0
saved potted_meat_can_p4_y1
saved cracker_box_p0_y0
saved cracker_box_p0_y1
saved cracker_box_p1_y0
saved cracker_box_p1_y1
saved cracker_box_p2_y0
saved cracker_box_p2_y1
saved cracker_box_p3_y0
saved cracker_box_p3_y1
saved cracker_box_p4_y0
saved cracker_box_p4_y1
saved cardboard_box_p0_y0
saved cardboard_box_p0_y1
saved cardboard_box_p1_y0
saved cardboard_box_p1_y1
saved cardboard_box_p2_y0
saved cardboard_box_p2_y1
saved cardboard_box_p3_y0
saved cardboard_box_p3_y1
saved cardboard_box_p4_y0
saved cardboard_box_p4_y1
saved cricket_ball_p0_y0
saved cricket_ball_p0_y1
saved cricket_ball_p1_y0
saved cricket_ball_p1_y1
saved cricket_ball_p2_y0
saved cricket_ball_p2_y1
saved cricket_ball_p3_y0
saved cricket_ball_p3_y1
saved cricket_ball_p4_y0
saved cricket_ball_p4_y1
saved robocup_spl_ball_p0_y0
saved robocup_spl_ball_p0_y1
saved robocup_spl_ball_p1_y0
saved robocup_spl_ball_p1_y1
saved robocup_spl_ball_p2_y0
saved robocup_spl_ball_p2_y1
saved robocup_spl_ball_p3_y0
saved robocup_spl_ball_p3_y1
saved robocup_spl_ball_p4_y0
saved robocup_spl_ball_p4_y1
saved robocup_3Dsim_ball_p0_y0
saved robocup_3Dsim_ball_p0_y1
saved robocup_3Dsim_ball_p1_y0
saved robocup_3Dsim_ball_p1_y1
saved robocup_3Dsim_ball_p2_y0
saved robocup_3Dsim_ball_p2_y1
saved robocup_3Dsim_ball_p3_y0
saved robocup_3Dsim_ball_p3_y1
saved robocup_3Dsim_ball_p4_y0
saved robocup_3Dsim_ball_p4_y1
saved clutter
